6.000000
3.000000
-1.000000
12.000000
3.000000
1.000000
-1.000000
13.000000
